97944914520352
97944914520384
97944914520416
97944914520448
97944914520480
97944914520512
97944914520544
97944914520576
97944914520608
97944914520640
97944914520672
97944914520704
97944914520736
97944914520768
97944914520800
97944914520832
97944914520864
97944914520896
97944914520928
97944914520960
97944914520992
97944914521024
97944914521056
97944914521088
97944914521120
97944914521152
97944914521184
97944914521216
97944914521248
97944914521280
97944914521312
97944914521344
97944914521376
97944914521408
97944914521440
97944914521472
97944914521504
97944914521536
97944914521568
97944914521600
97944914521632
97944914521664
97944914521696
97944914521728
97944914521760
97944914521792
97944914521824
97944914521856
97944914521888
97944914521920
97944914521952
97944914521984
97944914522016
97944914522048
97944914522080
97944914522112
97944914522144
97944914522176
97944914522208
97944914522240
97944914522272
97944914522304
97944914522336
97944914522368
97944914522400
97944914522432
97944914522464
97944914522496
97944914522528
97944914522560
97944914522592
97944914522624
97944914522656
97944914522688
97944914522720
97944914522752
97944914522784
97944914522816
97944914522848
97944914522880
97944914522912
97944914522944
97944914522976
97944914523008
97944914523040
97944914523072
97944914523104
97944914523136
97944914523168
97944914523200
97944914523232
97944914523264
97944914523296
97944914523328
97944914523360
97944914523392
97944914523424
97944914523456
97944914523488
97944914523520
97944914523552
97944914523584
97944914523616
97944914523648
97944914523680
97944914523712
97944914523744
97944914523776
97944914523808
97944914523840
97944914523872
97944914523904
97944914523936
97944914523968
97944914524000
97944914524032
97944914524064
97944914524096
97944914524128
97944914524160
97944914524192
97944914524224
97944914524256
97944914524288
97944914524320
97944914524352
97944914524384
97944914524416
97944914524448
97944914524480
97944914524512
97944914524544
97944914524576
97944914524608
97944914524640
97944914524672
97944914524704
97944914524736
97944914524768
97944914524800
97944914524832
97944914524864
97944914524896
97944914524928
97944914524960
97944914524992
97944914525024
97944914525056
97944914525088
97944914525120
97944914525152
97944914525184
97944914525216
97944914525248
97944914525280
97944914525312
97944914525344
97944914525376
97944914525408
97944914525440
97944914525472
97944914525504
97944914525536
97944914525568
97944914525600
97944914525632
97944914525664
97944914525696
97944914525728
97944914525760
97944914525792
97944914525824
97944914525856
97944914525888
97944914525920
97944914525952
97944914525984
97944914526016
97944914526048
97944914526080
97944914526112
97944914526144
97944914526176
97944914526208
97944914526240
97944914526272
97944914526304
97944914526336
97944914526368
97944914526400
97944914526432
97944914526464
97944914526496
97944914526528
97944914526560
97944914526592
97944914526624
97944914526656
97944914526688
97944914526720
97944914526752
97944914526784
97944914526816
97944914526848
97944914526880
97944914526912
97944914526944
97944914526976
97944914527008
97944914527040
97944914527072
97944914527104
97944914527136
97944914527168
97944914527200
97944914527232
97944914527264
97944914527296
97944914527328
97944914527360
97944914527392
97944914527424
97944914527456
97944914527488
97944914527520
97944914527552
97944914527584
97944914527616
97944914527648
97944914527680
97944914527712
97944914527744
97944914527776
97944914527808
97944914527840
97944914527872
97944914527904
97944914527936
97944914527968
97944914528000
97944914528032
97944914528064
97944914528096
97944914528128
97944914528160
97944914528192
97944914528224
97944914528256
97944914528288
97944914528320
97944914528352
97944914528384
97944914528416
97944914528448
97944914528480
97944914528512
97944914528544
97944914528576
97944914528608
97944914528640
97944914528672
97944914528704
97944914528736
97944914528768
97944914528800
97944914528832
97944914528864
97944914528896
97944914528928
97944914528960
97944914528992
97944914529024
97944914529056
97944914529088
97944914529120
97944914529152
97944914529184
97944914529216
97944914529248
97944914529280
97944914529312
97944914529344
97944914529376
97944914529408
97944914529440
97944914529472
97944914529504
97944914529536
97944914529568
97944914529600
97944914529632
97944914529664
97944914529696
97944914529728
97944914529760
97944914529792
97944914529824
97944914529856
97944914529888
97944914529920
97944914529952
97944914529984
97944914530016
97944914530048
97944914530080
97944914530112
97944914530144
97944914530176
97944914530208
97944914530240
97944914530272
97944914530304
97944914530336
97944914530368
97944914530400
97944914530432
97944914530464
97944914530496
97944914530528
97944914530560
97944914530592
97944914530624
97944914530656
97944914530688
97944914530720
97944914530752
97944914530784
97944914530816
97944914530848
97944914530880
97944914530912
97944914530944
97944914530976
97944914531008
97944914531040
97944914531072
97944914531104
97944914531136
97944914531168
97944914531200
97944914531232
97944914531264
97944914531296
97944914531328
97944914531360
97944914531392
97944914531424
97944914531456
97944914531488
97944914531520
97944914531552
97944914531584
97944914531616
97944914531648
97944914531680
97944914531712
97944914531744
97944914531776
97944914531808
97944914531840
97944914531872
97944914531904
97944914531936
97944914531968
97944914532000
97944914532032
97944914532064
97944914532096
97944914532128
97944914532160
97944914532192
97944914532224
97944914532256
97944914532288
97944914532320
97944914532352
97944914532384
97944914532416
97944914532448
97944914532480
97944914532512
97944914532544
97944914532576
97944914532608
97944914532640
97944914532672
97944914532704
97944914532736
97944914532768
97944914532800
97944914532832
97944914532864
97944914532896
97944914532928
97944914532960
97944914532992
97944914533024
97944914533056
97944914533088
97944914533120
97944914533152
97944914533184
97944914533216
97944914533248
97944914533280
97944914533312
97944914533344
97944914533376
97944914533408
97944914533440
97944914533472
97944914533504
97944914533536
97944914533568
97944914533600
97944914533632
97944914533664
97944914533696
97944914533728
97944914533760
97944914533792
97944914533824
97944914533856
97944914533888
97944914533920
97944914533952
97944914533984
97944914534016
97944914534048
97944914534080
97944914534112
97944914534144
97944914534176
97944914534208
97944914534240
97944914534272
97944914534304
97944914534336
97944914534368
97944914534400
97944914534432
97944914534464
97944914534496
97944914534528
97944914534560
97944914534592
97944914534624
97944914534656
97944914534688
97944914534720
97944914534752
97944914534784
97944914534816
97944914534848
97944914534880
97944914534912
97944914534944
97944914534976
97944914535008
97944914535040
97944914535072
97944914535104
97944914535136
97944914535168
97944914535200
97944914535232
97944914535264
97944914535296
97944914535328
97944914535360
97944914535392
97944914535424
97944914535456
97944914535488
97944914535520
97944914535552
97944914535584
97944914535616
97944914535648
97944914535680
97944914535712
97944914535744
97944914535776
97944914535808
97944914535840
97944914535872
97944914535904
97944914535936
97944914535968
97944914536000
97944914536032
97944914536064
97944914536096
97944914536128
97944914536160
97944914536192
97944914536224
97944914536256
97944914536288
97944914536320
97944914536352
97944914536384
97944914536416
97944914536448
97944914536480
97944914536512
97944914536544
97944914536576
97944914536608
97944914536640
97944914536672
97944914536704
97944914536736
97944914536768
97944914536800
97944914536832
97944914536864
97944914536896
97944914536928
97944914536960
97944914536992
97944914537024
97944914537056
97944914537088
97944914537120
97944914537152
97944914537184
97944914537216
97944914537248
97944914537280
97944914537312
97944914537344
97944914537376
97944914537408
97944914537440
97944914537472
97944914537504
97944914537536
97944914537568
97944914537600
97944914537632
97944914537664
97944914537696
97944914537728
97944914537760
97944914537792
97944914537824
97944914537856
97944914537888
97944914537920
97944914537952
97944914537984
97944914538016
97944914538048
97944914538080
97944914538112
97944914538144
97944914538176
97944914538208
97944914538240
97944914538272
97944914538304
97944914538336
97944914538368
97944914538400
97944914538432
97944914538464
97944914538496
97944914538528
97944914538560
97944914538592
97944914538624
97944914538656
97944914538688
97944914538720
97944914538752
97944914538784
97944914538816
97944914538848
97944914538880
97944914538912
97944914538944
97944914538976
97944914539008
97944914539040
97944914539072
97944914539104
97944914539136
97944914539168
97944914539200
97944914539232
97944914539264
97944914540080
97944914540112
97944914540144
97944914540176
97944914540208
97944914540240
97944914540272
97944914540304
97944914540336
97944914540368
97944914540400
97944914540432
97944914540464
97944914540496
97944914540528
97944914540560
97944914540592
97944914540624
97944914540656
97944914540688
97944914540720
97944914540752
97944914540784
97944914540816
97944914540848
97944914540880
97944914540912
97944914540944
97944914540976
97944914541008
97944914541040
97944914541072
97944914541104
97944914541136
97944914541168
97944914541200
97944914541232
97944914541264
97944914541296
97944914541328
97944914541360
97944914541392
97944914541424
97944914541456
97944914541488
97944914541520
97944914541552
97944914541584
97944914541616
97944914541648
97944914541680
97944914541712
97944914541744
97944914541776
97944914541808
97944914541840
97944914541872
97944914541904
97944914541936
97944914541968
97944914542000
97944914542032
97944914542064
97944914542096
97944914542128
97944914542160
97944914542192
97944914542224
97944914542256
97944914542288
97944914542320
97944914542352
97944914542384
97944914542416
97944914542448
97944914542480
97944914542512
97944914542544
97944914542576
97944914542608
97944914542640
97944914542672
97944914542704
97944914542736
97944914542768
97944914542800
97944914542832
97944914542864
97944914542896
97944914542928
97944914542960
97944914542992
97944914543024
97944914543056
97944914543088
97944914543120
97944914543152
97944914543184
97944914543216
97944914543248
97944914543280
97944914543312
97944914543344
97944914543376
97944914543408
97944914543440
97944914543472
97944914543504
97944914543536
97944914543568
97944914543600
97944914543632
97944914543664
97944914543696
97944914543728
97944914543760
97944914543792
97944914543824
97944914543856
97944914543888
97944914543920
97944914543952
97944914543984
97944914544016
97944914544048
97944914544080
97944914544112
97944914544144
97944914544176
97944914544208
97944914544240
97944914544272
97944914544304
97944914544336
97944914544368
97944914544400
97944914544432
97944914544464
97944914544496
97944914544528
97944914544560
97944914544592
97944914544624
97944914544656
97944914544688
97944914544720
97944914544752
97944914544784
97944914544816
97944914544848
97944914544880
97944914544912
97944914544944
97944914544976
97944914545008
97944914545040
97944914545072
97944914545104
97944914545136
97944914545168
97944914545200
97944914545232
97944914545264
97944914545296
97944914545328
97944914545360
97944914545392
97944914545424
97944914545456
97944914545488
97944914545520
97944914545552
97944914545584
97944914545616
97944914545648
97944914545680
97944914545712
97944914545744
97944914545776
97944914545808
97944914545840
97944914545872
97944914545904
97944914545936
97944914545968
97944914546000
97944914546032
97944914546064
97944914546096
97944914546128
97944914546160
97944914546192
97944914546224
97944914546256
97944914546288
97944914546320
97944914546352
97944914546384
97944914546416
97944914546448
97944914546480
97944914546512
97944914546544
97944914546576
97944914546608
97944914546640
97944914546672
97944914546704
97944914546736
97944914546768
97944914546800
97944914546832
97944914546864
97944914546896
97944914546928
97944914546960
97944914546992
97944914547024
97944914547056
97944914547088
97944914547120
97944914547152
97944914547184
97944914547216
97944914547248
97944914547280
97944914547312
97944914547344
97944914547376
97944914547408
97944914547440
97944914547472
97944914547504
97944914547536
97944914547568
97944914547600
97944914547632
97944914547664
97944914547696
97944914547728
97944914547760
97944914547792
97944914547824
97944914547856
97944914547888
97944914547920
97944914547952
97944914547984
97944914548016
97944914548048
97944914548080
97944914548112
97944914548144
97944914548176
97944914548208
97944914548240
97944914548272
97944914548304
97944914548336
97944914548368
97944914548400
97944914548432
97944914548464
97944914548496
97944914548528
97944914548560
97944914548592
97944914548624
97944914548656
97944914548688
97944914548720
97944914548752
97944914548784
97944914548816
97944914548848
97944914548880
97944914548912
97944914548944
97944914548976
97944914549008
97944914549040
97944914549072
97944914549104
97944914549136
97944914549168
97944914549200
97944914549232
97944914549264
97944914549296
97944914549328
97944914549360
97944914549392
97944914549424
97944914549456
97944914549488
97944914549520
97944914549552
97944914549584
97944914549616
97944914549648
97944914549680
97944914549712
97944914549744
97944914549776
97944914549808
97944914549840
97944914549872
97944914549904
97944914549936
97944914549968
97944914550000
97944914550032
97944914550064
97944914550096
97944914550128
97944914550160
97944914550192
97944914550224
97944914550256
97944914550288
97944914550320
97944914550352
97944914550384
97944914550416
97944914550448
97944914550480
97944914550512
97944914550544
97944914550576
97944914550608
97944914550640
97944914550672
97944914550704
97944914550736
97944914550768
97944914550800
97944914550832
97944914550864
97944914550896
97944914550928
97944914550960
97944914550992
97944914551024
97944914551056
97944914551088
97944914551120
97944914551152
97944914551184
97944914551216
97944914551248
97944914551280
97944914551312
97944914551344
97944914551376
97944914551408
97944914551440
97944914551472
97944914551504
97944914551536
97944914551568
97944914551600
97944914551632
97944914551664
97944914551696
97944914551728
97944914551760
97944914551792
97944914551824
97944914551856
97944914551888
97944914551920
97944914551952
97944914551984
97944914552016
97944914552048
97944914552080
97944914552112
97944914552144
97944914552176
97944914552208
97944914552240
97944914552272
97944914552304
97944914552336
97944914552368
97944914552400
97944914552432
97944914552464
97944914552496
97944914552528
97944914552560
97944914552592
97944914552624
97944914552656
97944914552688
97944914552720
97944914552752
97944914552784
97944914552816
97944914552848
97944914552880
97944914552912
97944914552944
97944914552976
97944914553008
97944914553040
97944914553072
97944914553104
